INFO - 2026-07-23 10:43:00 --> Session: Class initialized using 'CodeIgniter\Session\Handlers\FileHandler' driver.
INFO - 2026-07-23 10:43:08 --> Session: Class initialized using 'CodeIgniter\Session\Handlers\FileHandler' driver.
INFO - 2026-07-23 10:43:14 --> Session: Class initialized using 'CodeIgniter\Session\Handlers\FileHandler' driver.
INFO - 2026-07-23 10:43:15 --> Session: Class initialized using 'CodeIgniter\Session\Handlers\FileHandler' driver.
INFO - 2026-07-23 10:43:24 --> Session: Class initialized using 'CodeIgniter\Session\Handlers\FileHandler' driver.
INFO - 2026-07-23 10:43:26 --> Session: Class initialized using 'CodeIgniter\Session\Handlers\FileHandler' driver.
INFO - 2026-07-23 10:47:42 --> Session: Class initialized using 'CodeIgniter\Session\Handlers\FileHandler' driver.
INFO - 2026-07-23 10:47:43 --> Session: Class initialized using 'CodeIgniter\Session\Handlers\FileHandler' driver.
INFO - 2026-07-23 10:48:03 --> Session: Class initialized using 'CodeIgniter\Session\Handlers\FileHandler' driver.
ERROR - 2026-07-23 10:48:14 --> mysqli_sql_exception: Table 'robinfood.roles' doesn't exist in engine in D:\xamp\htdocs\robinfood\vendor\codeigniter4\framework\system\Database\MySQLi\Connection.php:306
Stack trace:
#0 D:\xamp\htdocs\robinfood\vendor\codeigniter4\framework\system\Database\MySQLi\Connection.php(306): mysqli->query('SELECT `u`.`id`...', 0)
#1 D:\xamp\htdocs\robinfood\vendor\codeigniter4\framework\system\Database\BaseConnection.php(693): CodeIgniter\Database\MySQLi\Connection->execute('SELECT `u`.`id`...')
#2 D:\xamp\htdocs\robinfood\vendor\codeigniter4\framework\system\Database\BaseConnection.php(607): CodeIgniter\Database\BaseConnection->simpleQuery('SELECT `u`.`id`...')
#3 D:\xamp\htdocs\robinfood\vendor\codeigniter4\framework\system\Database\BaseBuilder.php(1616): CodeIgniter\Database\BaseConnection->query('SELECT `u`.`id`...', Array, false)
#4 D:\xamp\htdocs\robinfood\app\Models\UserModel.php(45): CodeIgniter\Database\BaseBuilder->get()
#5 D:\xamp\htdocs\robinfood\app\Controllers\AboutController.php(23): App\Models\UserModel->getUsers('', '', '', '', 'u.id ASC')
#6 D:\xamp\htdocs\robinfood\vendor\codeigniter4\framework\system\CodeIgniter.php(943): App\Controllers\AboutController->index()
#7 D:\xamp\htdocs\robinfood\vendor\codeigniter4\framework\system\CodeIgniter.php(503): CodeIgniter\CodeIgniter->runController(Object(App\Controllers\AboutController))
#8 D:\xamp\htdocs\robinfood\vendor\codeigniter4\framework\system\CodeIgniter.php(361): CodeIgniter\CodeIgniter->handleRequest(NULL, Object(Config\Cache), false)
#9 D:\xamp\htdocs\robinfood\index.php(79): CodeIgniter\CodeIgniter->run()
#10 {main}
INFO - 2026-07-23 10:48:14 --> Session: Class initialized using 'CodeIgniter\Session\Handlers\FileHandler' driver.
ERROR - 2026-07-23 10:48:14 --> mysqli_sql_exception: Table 'robinfood.roles' doesn't exist in engine in D:\xamp\htdocs\robinfood\vendor\codeigniter4\framework\system\Database\MySQLi\Connection.php:306
Stack trace:
#0 D:\xamp\htdocs\robinfood\vendor\codeigniter4\framework\system\Database\MySQLi\Connection.php(306): mysqli->query('SELECT `u`.`id`...', 0)
#1 D:\xamp\htdocs\robinfood\vendor\codeigniter4\framework\system\Database\BaseConnection.php(693): CodeIgniter\Database\MySQLi\Connection->execute('SELECT `u`.`id`...')
#2 D:\xamp\htdocs\robinfood\vendor\codeigniter4\framework\system\Database\BaseConnection.php(607): CodeIgniter\Database\BaseConnection->simpleQuery('SELECT `u`.`id`...')
#3 D:\xamp\htdocs\robinfood\vendor\codeigniter4\framework\system\Database\BaseBuilder.php(1616): CodeIgniter\Database\BaseConnection->query('SELECT `u`.`id`...', Array, false)
#4 D:\xamp\htdocs\robinfood\app\Models\UserModel.php(45): CodeIgniter\Database\BaseBuilder->get()
#5 D:\xamp\htdocs\robinfood\app\Controllers\AboutController.php(23): App\Models\UserModel->getUsers('', '', '', '', 'u.id ASC')
#6 D:\xamp\htdocs\robinfood\vendor\codeigniter4\framework\system\CodeIgniter.php(943): App\Controllers\AboutController->index()
#7 D:\xamp\htdocs\robinfood\vendor\codeigniter4\framework\system\CodeIgniter.php(503): CodeIgniter\CodeIgniter->runController(Object(App\Controllers\AboutController))
#8 D:\xamp\htdocs\robinfood\vendor\codeigniter4\framework\system\CodeIgniter.php(361): CodeIgniter\CodeIgniter->handleRequest(NULL, Object(Config\Cache), false)
#9 D:\xamp\htdocs\robinfood\index.php(79): CodeIgniter\CodeIgniter->run()
#10 {main}
CRITICAL - 2026-07-23 10:48:14 --> CodeIgniter\Database\Exceptions\DatabaseException: Table 'robinfood.roles' doesn't exist in engine
in SYSTEMPATH\Database\BaseConnection.php on line 647.
 1 SYSTEMPATH\Database\BaseBuilder.php(1616): CodeIgniter\Database\BaseConnection->query('SELECT `u`.`id`, `u`.`name`, `u`.`email`, `u`.`phone`, `u`.`hire_date`, `u`.`profileimg`, `u`.`booking_status`, `u`.`status`, `u`.`position`, `r`.`id` as `roleId`, `r`.`role_name`, `sm`.`facebook`, `sm`.`instagram`, `sm`.`twitter`, `sm`.`linkedin`
FROM `users` as `u`
JOIN `roles` as `r` ON `r`.`id` = `u`.`role`
JOIN `staff_media` as `sm` ON `u`.`id` = `sm`.`staff_id`
WHERE `u`.`role` != :u.role:
GROUP BY `u`.`id`
ORDER BY `u`.`id` ASC', [...], false)
 2 APPPATH\Models\UserModel.php(45): CodeIgniter\Database\BaseBuilder->get()
 3 APPPATH\Controllers\AboutController.php(23): App\Models\UserModel->getUsers('', '', '', '', 'u.id ASC')
 4 SYSTEMPATH\CodeIgniter.php(943): App\Controllers\AboutController->index()
 5 SYSTEMPATH\CodeIgniter.php(503): CodeIgniter\CodeIgniter->runController(Object(App\Controllers\AboutController))
 6 SYSTEMPATH\CodeIgniter.php(361): CodeIgniter\CodeIgniter->handleRequest(null, Object(Config\Cache), false)
 7 FCPATH\index.php(79): CodeIgniter\CodeIgniter->run()
CRITICAL - 2026-07-23 10:48:14 --> CodeIgniter\Database\Exceptions\DatabaseException: Table 'robinfood.roles' doesn't exist in engine
in SYSTEMPATH\Database\BaseConnection.php on line 647.
 1 SYSTEMPATH\Database\BaseBuilder.php(1616): CodeIgniter\Database\BaseConnection->query('SELECT `u`.`id`, `u`.`name`, `u`.`email`, `u`.`phone`, `u`.`hire_date`, `u`.`profileimg`, `u`.`booking_status`, `u`.`status`, `u`.`position`, `r`.`id` as `roleId`, `r`.`role_name`, `sm`.`facebook`, `sm`.`instagram`, `sm`.`twitter`, `sm`.`linkedin`
FROM `users` as `u`
JOIN `roles` as `r` ON `r`.`id` = `u`.`role`
JOIN `staff_media` as `sm` ON `u`.`id` = `sm`.`staff_id`
WHERE `u`.`role` != :u.role:
GROUP BY `u`.`id`
ORDER BY `u`.`id` ASC', [...], false)
 2 APPPATH\Models\UserModel.php(45): CodeIgniter\Database\BaseBuilder->get()
 3 APPPATH\Controllers\AboutController.php(23): App\Models\UserModel->getUsers('', '', '', '', 'u.id ASC')
 4 SYSTEMPATH\CodeIgniter.php(943): App\Controllers\AboutController->index()
 5 SYSTEMPATH\CodeIgniter.php(503): CodeIgniter\CodeIgniter->runController(Object(App\Controllers\AboutController))
 6 SYSTEMPATH\CodeIgniter.php(361): CodeIgniter\CodeIgniter->handleRequest(null, Object(Config\Cache), false)
 7 FCPATH\index.php(79): CodeIgniter\CodeIgniter->run()
CRITICAL - 2026-07-23 10:48:14 --> [Caused by] CodeIgniter\Database\Exceptions\DatabaseException: Table 'robinfood.roles' doesn't exist in engine
in SYSTEMPATH\Database\MySQLi\Connection.php on line 311.
 1 SYSTEMPATH\Database\BaseConnection.php(693): CodeIgniter\Database\MySQLi\Connection->execute('SELECT `u`.`id`, `u`.`name`, `u`.`email`, `u`.`phone`, `u`.`hire_date`, `u`.`profileimg`, `u`.`booking_status`, `u`.`status`, `u`.`position`, `r`.`id` as `roleId`, `r`.`role_name`, `sm`.`facebook`, `sm`.`instagram`, `sm`.`twitter`, `sm`.`linkedin`
FROM `users` as `u`
JOIN `roles` as `r` ON `r`.`id` = `u`.`role`
JOIN `staff_media` as `sm` ON `u`.`id` = `sm`.`staff_id`
WHERE `u`.`role` != 1
GROUP BY `u`.`id`
ORDER BY `u`.`id` ASC')
 2 SYSTEMPATH\Database\BaseConnection.php(607): CodeIgniter\Database\BaseConnection->simpleQuery('SELECT `u`.`id`, `u`.`name`, `u`.`email`, `u`.`phone`, `u`.`hire_date`, `u`.`profileimg`, `u`.`booking_status`, `u`.`status`, `u`.`position`, `r`.`id` as `roleId`, `r`.`role_name`, `sm`.`facebook`, `sm`.`instagram`, `sm`.`twitter`, `sm`.`linkedin`
FROM `users` as `u`
JOIN `roles` as `r` ON `r`.`id` = `u`.`role`
JOIN `staff_media` as `sm` ON `u`.`id` = `sm`.`staff_id`
WHERE `u`.`role` != 1
GROUP BY `u`.`id`
ORDER BY `u`.`id` ASC')
 3 SYSTEMPATH\Database\BaseBuilder.php(1616): CodeIgniter\Database\BaseConnection->query('SELECT `u`.`id`, `u`.`name`, `u`.`email`, `u`.`phone`, `u`.`hire_date`, `u`.`profileimg`, `u`.`booking_status`, `u`.`status`, `u`.`position`, `r`.`id` as `roleId`, `r`.`role_name`, `sm`.`facebook`, `sm`.`instagram`, `sm`.`twitter`, `sm`.`linkedin`
FROM `users` as `u`
JOIN `roles` as `r` ON `r`.`id` = `u`.`role`
JOIN `staff_media` as `sm` ON `u`.`id` = `sm`.`staff_id`
WHERE `u`.`role` != :u.role:
GROUP BY `u`.`id`
ORDER BY `u`.`id` ASC', [...], false)
 4 APPPATH\Models\UserModel.php(45): CodeIgniter\Database\BaseBuilder->get()
 5 APPPATH\Controllers\AboutController.php(23): App\Models\UserModel->getUsers('', '', '', '', 'u.id ASC')
 6 SYSTEMPATH\CodeIgniter.php(943): App\Controllers\AboutController->index()
 7 SYSTEMPATH\CodeIgniter.php(503): CodeIgniter\CodeIgniter->runController(Object(App\Controllers\AboutController))
 8 SYSTEMPATH\CodeIgniter.php(361): CodeIgniter\CodeIgniter->handleRequest(null, Object(Config\Cache), false)
 9 FCPATH\index.php(79): CodeIgniter\CodeIgniter->run()
CRITICAL - 2026-07-23 10:48:14 --> [Caused by] CodeIgniter\Database\Exceptions\DatabaseException: Table 'robinfood.roles' doesn't exist in engine
in SYSTEMPATH\Database\MySQLi\Connection.php on line 311.
 1 SYSTEMPATH\Database\BaseConnection.php(693): CodeIgniter\Database\MySQLi\Connection->execute('SELECT `u`.`id`, `u`.`name`, `u`.`email`, `u`.`phone`, `u`.`hire_date`, `u`.`profileimg`, `u`.`booking_status`, `u`.`status`, `u`.`position`, `r`.`id` as `roleId`, `r`.`role_name`, `sm`.`facebook`, `sm`.`instagram`, `sm`.`twitter`, `sm`.`linkedin`
FROM `users` as `u`
JOIN `roles` as `r` ON `r`.`id` = `u`.`role`
JOIN `staff_media` as `sm` ON `u`.`id` = `sm`.`staff_id`
WHERE `u`.`role` != 1
GROUP BY `u`.`id`
ORDER BY `u`.`id` ASC')
 2 SYSTEMPATH\Database\BaseConnection.php(607): CodeIgniter\Database\BaseConnection->simpleQuery('SELECT `u`.`id`, `u`.`name`, `u`.`email`, `u`.`phone`, `u`.`hire_date`, `u`.`profileimg`, `u`.`booking_status`, `u`.`status`, `u`.`position`, `r`.`id` as `roleId`, `r`.`role_name`, `sm`.`facebook`, `sm`.`instagram`, `sm`.`twitter`, `sm`.`linkedin`
FROM `users` as `u`
JOIN `roles` as `r` ON `r`.`id` = `u`.`role`
JOIN `staff_media` as `sm` ON `u`.`id` = `sm`.`staff_id`
WHERE `u`.`role` != 1
GROUP BY `u`.`id`
ORDER BY `u`.`id` ASC')
 3 SYSTEMPATH\Database\BaseBuilder.php(1616): CodeIgniter\Database\BaseConnection->query('SELECT `u`.`id`, `u`.`name`, `u`.`email`, `u`.`phone`, `u`.`hire_date`, `u`.`profileimg`, `u`.`booking_status`, `u`.`status`, `u`.`position`, `r`.`id` as `roleId`, `r`.`role_name`, `sm`.`facebook`, `sm`.`instagram`, `sm`.`twitter`, `sm`.`linkedin`
FROM `users` as `u`
JOIN `roles` as `r` ON `r`.`id` = `u`.`role`
JOIN `staff_media` as `sm` ON `u`.`id` = `sm`.`staff_id`
WHERE `u`.`role` != :u.role:
GROUP BY `u`.`id`
ORDER BY `u`.`id` ASC', [...], false)
 4 APPPATH\Models\UserModel.php(45): CodeIgniter\Database\BaseBuilder->get()
 5 APPPATH\Controllers\AboutController.php(23): App\Models\UserModel->getUsers('', '', '', '', 'u.id ASC')
 6 SYSTEMPATH\CodeIgniter.php(943): App\Controllers\AboutController->index()
 7 SYSTEMPATH\CodeIgniter.php(503): CodeIgniter\CodeIgniter->runController(Object(App\Controllers\AboutController))
 8 SYSTEMPATH\CodeIgniter.php(361): CodeIgniter\CodeIgniter->handleRequest(null, Object(Config\Cache), false)
 9 FCPATH\index.php(79): CodeIgniter\CodeIgniter->run()
CRITICAL - 2026-07-23 10:48:14 --> [Caused by] mysqli_sql_exception: Table 'robinfood.roles' doesn't exist in engine
in SYSTEMPATH\Database\MySQLi\Connection.php on line 306.
 1 SYSTEMPATH\Database\MySQLi\Connection.php(306): mysqli->query('SELECT `u`.`id`, `u`.`name`, `u`.`email`, `u`.`phone`, `u`.`hire_date`, `u`.`profileimg`, `u`.`booking_status`, `u`.`status`, `u`.`position`, `r`.`id` as `roleId`, `r`.`role_name`, `sm`.`facebook`, `sm`.`instagram`, `sm`.`twitter`, `sm`.`linkedin`
FROM `users` as `u`
JOIN `roles` as `r` ON `r`.`id` = `u`.`role`
JOIN `staff_media` as `sm` ON `u`.`id` = `sm`.`staff_id`
WHERE `u`.`role` != 1
GROUP BY `u`.`id`
ORDER BY `u`.`id` ASC', 0)
 2 SYSTEMPATH\Database\BaseConnection.php(693): CodeIgniter\Database\MySQLi\Connection->execute('SELECT `u`.`id`, `u`.`name`, `u`.`email`, `u`.`phone`, `u`.`hire_date`, `u`.`profileimg`, `u`.`booking_status`, `u`.`status`, `u`.`position`, `r`.`id` as `roleId`, `r`.`role_name`, `sm`.`facebook`, `sm`.`instagram`, `sm`.`twitter`, `sm`.`linkedin`
FROM `users` as `u`
JOIN `roles` as `r` ON `r`.`id` = `u`.`role`
JOIN `staff_media` as `sm` ON `u`.`id` = `sm`.`staff_id`
WHERE `u`.`role` != 1
GROUP BY `u`.`id`
ORDER BY `u`.`id` ASC')
 3 SYSTEMPATH\Database\BaseConnection.php(607): CodeIgniter\Database\BaseConnection->simpleQuery('SELECT `u`.`id`, `u`.`name`, `u`.`email`, `u`.`phone`, `u`.`hire_date`, `u`.`profileimg`, `u`.`booking_status`, `u`.`status`, `u`.`position`, `r`.`id` as `roleId`, `r`.`role_name`, `sm`.`facebook`, `sm`.`instagram`, `sm`.`twitter`, `sm`.`linkedin`
FROM `users` as `u`
JOIN `roles` as `r` ON `r`.`id` = `u`.`role`
JOIN `staff_media` as `sm` ON `u`.`id` = `sm`.`staff_id`
WHERE `u`.`role` != 1
GROUP BY `u`.`id`
ORDER BY `u`.`id` ASC')
 4 SYSTEMPATH\Database\BaseBuilder.php(1616): CodeIgniter\Database\BaseConnection->query('SELECT `u`.`id`, `u`.`name`, `u`.`email`, `u`.`phone`, `u`.`hire_date`, `u`.`profileimg`, `u`.`booking_status`, `u`.`status`, `u`.`position`, `r`.`id` as `roleId`, `r`.`role_name`, `sm`.`facebook`, `sm`.`instagram`, `sm`.`twitter`, `sm`.`linkedin`
FROM `users` as `u`
JOIN `roles` as `r` ON `r`.`id` = `u`.`role`
JOIN `staff_media` as `sm` ON `u`.`id` = `sm`.`staff_id`
WHERE `u`.`role` != :u.role:
GROUP BY `u`.`id`
ORDER BY `u`.`id` ASC', [...], false)
 5 APPPATH\Models\UserModel.php(45): CodeIgniter\Database\BaseBuilder->get()
 6 APPPATH\Controllers\AboutController.php(23): App\Models\UserModel->getUsers('', '', '', '', 'u.id ASC')
 7 SYSTEMPATH\CodeIgniter.php(943): App\Controllers\AboutController->index()
 8 SYSTEMPATH\CodeIgniter.php(503): CodeIgniter\CodeIgniter->runController(Object(App\Controllers\AboutController))
 9 SYSTEMPATH\CodeIgniter.php(361): CodeIgniter\CodeIgniter->handleRequest(null, Object(Config\Cache), false)
10 FCPATH\index.php(79): CodeIgniter\CodeIgniter->run()
CRITICAL - 2026-07-23 10:48:14 --> [Caused by] mysqli_sql_exception: Table 'robinfood.roles' doesn't exist in engine
in SYSTEMPATH\Database\MySQLi\Connection.php on line 306.
 1 SYSTEMPATH\Database\MySQLi\Connection.php(306): mysqli->query('SELECT `u`.`id`, `u`.`name`, `u`.`email`, `u`.`phone`, `u`.`hire_date`, `u`.`profileimg`, `u`.`booking_status`, `u`.`status`, `u`.`position`, `r`.`id` as `roleId`, `r`.`role_name`, `sm`.`facebook`, `sm`.`instagram`, `sm`.`twitter`, `sm`.`linkedin`
FROM `users` as `u`
JOIN `roles` as `r` ON `r`.`id` = `u`.`role`
JOIN `staff_media` as `sm` ON `u`.`id` = `sm`.`staff_id`
WHERE `u`.`role` != 1
GROUP BY `u`.`id`
ORDER BY `u`.`id` ASC', 0)
 2 SYSTEMPATH\Database\BaseConnection.php(693): CodeIgniter\Database\MySQLi\Connection->execute('SELECT `u`.`id`, `u`.`name`, `u`.`email`, `u`.`phone`, `u`.`hire_date`, `u`.`profileimg`, `u`.`booking_status`, `u`.`status`, `u`.`position`, `r`.`id` as `roleId`, `r`.`role_name`, `sm`.`facebook`, `sm`.`instagram`, `sm`.`twitter`, `sm`.`linkedin`
FROM `users` as `u`
JOIN `roles` as `r` ON `r`.`id` = `u`.`role`
JOIN `staff_media` as `sm` ON `u`.`id` = `sm`.`staff_id`
WHERE `u`.`role` != 1
GROUP BY `u`.`id`
ORDER BY `u`.`id` ASC')
 3 SYSTEMPATH\Database\BaseConnection.php(607): CodeIgniter\Database\BaseConnection->simpleQuery('SELECT `u`.`id`, `u`.`name`, `u`.`email`, `u`.`phone`, `u`.`hire_date`, `u`.`profileimg`, `u`.`booking_status`, `u`.`status`, `u`.`position`, `r`.`id` as `roleId`, `r`.`role_name`, `sm`.`facebook`, `sm`.`instagram`, `sm`.`twitter`, `sm`.`linkedin`
FROM `users` as `u`
JOIN `roles` as `r` ON `r`.`id` = `u`.`role`
JOIN `staff_media` as `sm` ON `u`.`id` = `sm`.`staff_id`
WHERE `u`.`role` != 1
GROUP BY `u`.`id`
ORDER BY `u`.`id` ASC')
 4 SYSTEMPATH\Database\BaseBuilder.php(1616): CodeIgniter\Database\BaseConnection->query('SELECT `u`.`id`, `u`.`name`, `u`.`email`, `u`.`phone`, `u`.`hire_date`, `u`.`profileimg`, `u`.`booking_status`, `u`.`status`, `u`.`position`, `r`.`id` as `roleId`, `r`.`role_name`, `sm`.`facebook`, `sm`.`instagram`, `sm`.`twitter`, `sm`.`linkedin`
FROM `users` as `u`
JOIN `roles` as `r` ON `r`.`id` = `u`.`role`
JOIN `staff_media` as `sm` ON `u`.`id` = `sm`.`staff_id`
WHERE `u`.`role` != :u.role:
GROUP BY `u`.`id`
ORDER BY `u`.`id` ASC', [...], false)
 5 APPPATH\Models\UserModel.php(45): CodeIgniter\Database\BaseBuilder->get()
 6 APPPATH\Controllers\AboutController.php(23): App\Models\UserModel->getUsers('', '', '', '', 'u.id ASC')
 7 SYSTEMPATH\CodeIgniter.php(943): App\Controllers\AboutController->index()
 8 SYSTEMPATH\CodeIgniter.php(503): CodeIgniter\CodeIgniter->runController(Object(App\Controllers\AboutController))
 9 SYSTEMPATH\CodeIgniter.php(361): CodeIgniter\CodeIgniter->handleRequest(null, Object(Config\Cache), false)
10 FCPATH\index.php(79): CodeIgniter\CodeIgniter->run()
INFO - 2026-07-23 10:48:16 --> Session: Class initialized using 'CodeIgniter\Session\Handlers\FileHandler' driver.
ERROR - 2026-07-23 10:48:16 --> mysqli_sql_exception: Table 'robinfood.roles' doesn't exist in engine in D:\xamp\htdocs\robinfood\vendor\codeigniter4\framework\system\Database\MySQLi\Connection.php:306
Stack trace:
#0 D:\xamp\htdocs\robinfood\vendor\codeigniter4\framework\system\Database\MySQLi\Connection.php(306): mysqli->query('SELECT `u`.`id`...', 0)
#1 D:\xamp\htdocs\robinfood\vendor\codeigniter4\framework\system\Database\BaseConnection.php(693): CodeIgniter\Database\MySQLi\Connection->execute('SELECT `u`.`id`...')
#2 D:\xamp\htdocs\robinfood\vendor\codeigniter4\framework\system\Database\BaseConnection.php(607): CodeIgniter\Database\BaseConnection->simpleQuery('SELECT `u`.`id`...')
#3 D:\xamp\htdocs\robinfood\vendor\codeigniter4\framework\system\Database\BaseBuilder.php(1616): CodeIgniter\Database\BaseConnection->query('SELECT `u`.`id`...', Array, false)
#4 D:\xamp\htdocs\robinfood\app\Models\UserModel.php(45): CodeIgniter\Database\BaseBuilder->get()
#5 D:\xamp\htdocs\robinfood\app\Controllers\AboutController.php(23): App\Models\UserModel->getUsers('', '', '', '', 'u.id ASC')
#6 D:\xamp\htdocs\robinfood\vendor\codeigniter4\framework\system\CodeIgniter.php(943): App\Controllers\AboutController->index()
#7 D:\xamp\htdocs\robinfood\vendor\codeigniter4\framework\system\CodeIgniter.php(503): CodeIgniter\CodeIgniter->runController(Object(App\Controllers\AboutController))
#8 D:\xamp\htdocs\robinfood\vendor\codeigniter4\framework\system\CodeIgniter.php(361): CodeIgniter\CodeIgniter->handleRequest(NULL, Object(Config\Cache), false)
#9 D:\xamp\htdocs\robinfood\index.php(79): CodeIgniter\CodeIgniter->run()
#10 {main}
CRITICAL - 2026-07-23 10:48:16 --> CodeIgniter\Database\Exceptions\DatabaseException: Table 'robinfood.roles' doesn't exist in engine
in SYSTEMPATH\Database\BaseConnection.php on line 647.
 1 SYSTEMPATH\Database\BaseBuilder.php(1616): CodeIgniter\Database\BaseConnection->query('SELECT `u`.`id`, `u`.`name`, `u`.`email`, `u`.`phone`, `u`.`hire_date`, `u`.`profileimg`, `u`.`booking_status`, `u`.`status`, `u`.`position`, `r`.`id` as `roleId`, `r`.`role_name`, `sm`.`facebook`, `sm`.`instagram`, `sm`.`twitter`, `sm`.`linkedin`
FROM `users` as `u`
JOIN `roles` as `r` ON `r`.`id` = `u`.`role`
JOIN `staff_media` as `sm` ON `u`.`id` = `sm`.`staff_id`
WHERE `u`.`role` != :u.role:
GROUP BY `u`.`id`
ORDER BY `u`.`id` ASC', [...], false)
 2 APPPATH\Models\UserModel.php(45): CodeIgniter\Database\BaseBuilder->get()
 3 APPPATH\Controllers\AboutController.php(23): App\Models\UserModel->getUsers('', '', '', '', 'u.id ASC')
 4 SYSTEMPATH\CodeIgniter.php(943): App\Controllers\AboutController->index()
 5 SYSTEMPATH\CodeIgniter.php(503): CodeIgniter\CodeIgniter->runController(Object(App\Controllers\AboutController))
 6 SYSTEMPATH\CodeIgniter.php(361): CodeIgniter\CodeIgniter->handleRequest(null, Object(Config\Cache), false)
 7 FCPATH\index.php(79): CodeIgniter\CodeIgniter->run()
CRITICAL - 2026-07-23 10:48:16 --> [Caused by] CodeIgniter\Database\Exceptions\DatabaseException: Table 'robinfood.roles' doesn't exist in engine
in SYSTEMPATH\Database\MySQLi\Connection.php on line 311.
 1 SYSTEMPATH\Database\BaseConnection.php(693): CodeIgniter\Database\MySQLi\Connection->execute('SELECT `u`.`id`, `u`.`name`, `u`.`email`, `u`.`phone`, `u`.`hire_date`, `u`.`profileimg`, `u`.`booking_status`, `u`.`status`, `u`.`position`, `r`.`id` as `roleId`, `r`.`role_name`, `sm`.`facebook`, `sm`.`instagram`, `sm`.`twitter`, `sm`.`linkedin`
FROM `users` as `u`
JOIN `roles` as `r` ON `r`.`id` = `u`.`role`
JOIN `staff_media` as `sm` ON `u`.`id` = `sm`.`staff_id`
WHERE `u`.`role` != 1
GROUP BY `u`.`id`
ORDER BY `u`.`id` ASC')
 2 SYSTEMPATH\Database\BaseConnection.php(607): CodeIgniter\Database\BaseConnection->simpleQuery('SELECT `u`.`id`, `u`.`name`, `u`.`email`, `u`.`phone`, `u`.`hire_date`, `u`.`profileimg`, `u`.`booking_status`, `u`.`status`, `u`.`position`, `r`.`id` as `roleId`, `r`.`role_name`, `sm`.`facebook`, `sm`.`instagram`, `sm`.`twitter`, `sm`.`linkedin`
FROM `users` as `u`
JOIN `roles` as `r` ON `r`.`id` = `u`.`role`
JOIN `staff_media` as `sm` ON `u`.`id` = `sm`.`staff_id`
WHERE `u`.`role` != 1
GROUP BY `u`.`id`
ORDER BY `u`.`id` ASC')
 3 SYSTEMPATH\Database\BaseBuilder.php(1616): CodeIgniter\Database\BaseConnection->query('SELECT `u`.`id`, `u`.`name`, `u`.`email`, `u`.`phone`, `u`.`hire_date`, `u`.`profileimg`, `u`.`booking_status`, `u`.`status`, `u`.`position`, `r`.`id` as `roleId`, `r`.`role_name`, `sm`.`facebook`, `sm`.`instagram`, `sm`.`twitter`, `sm`.`linkedin`
FROM `users` as `u`
JOIN `roles` as `r` ON `r`.`id` = `u`.`role`
JOIN `staff_media` as `sm` ON `u`.`id` = `sm`.`staff_id`
WHERE `u`.`role` != :u.role:
GROUP BY `u`.`id`
ORDER BY `u`.`id` ASC', [...], false)
 4 APPPATH\Models\UserModel.php(45): CodeIgniter\Database\BaseBuilder->get()
 5 APPPATH\Controllers\AboutController.php(23): App\Models\UserModel->getUsers('', '', '', '', 'u.id ASC')
 6 SYSTEMPATH\CodeIgniter.php(943): App\Controllers\AboutController->index()
 7 SYSTEMPATH\CodeIgniter.php(503): CodeIgniter\CodeIgniter->runController(Object(App\Controllers\AboutController))
 8 SYSTEMPATH\CodeIgniter.php(361): CodeIgniter\CodeIgniter->handleRequest(null, Object(Config\Cache), false)
 9 FCPATH\index.php(79): CodeIgniter\CodeIgniter->run()
CRITICAL - 2026-07-23 10:48:16 --> [Caused by] mysqli_sql_exception: Table 'robinfood.roles' doesn't exist in engine
in SYSTEMPATH\Database\MySQLi\Connection.php on line 306.
 1 SYSTEMPATH\Database\MySQLi\Connection.php(306): mysqli->query('SELECT `u`.`id`, `u`.`name`, `u`.`email`, `u`.`phone`, `u`.`hire_date`, `u`.`profileimg`, `u`.`booking_status`, `u`.`status`, `u`.`position`, `r`.`id` as `roleId`, `r`.`role_name`, `sm`.`facebook`, `sm`.`instagram`, `sm`.`twitter`, `sm`.`linkedin`
FROM `users` as `u`
JOIN `roles` as `r` ON `r`.`id` = `u`.`role`
JOIN `staff_media` as `sm` ON `u`.`id` = `sm`.`staff_id`
WHERE `u`.`role` != 1
GROUP BY `u`.`id`
ORDER BY `u`.`id` ASC', 0)
 2 SYSTEMPATH\Database\BaseConnection.php(693): CodeIgniter\Database\MySQLi\Connection->execute('SELECT `u`.`id`, `u`.`name`, `u`.`email`, `u`.`phone`, `u`.`hire_date`, `u`.`profileimg`, `u`.`booking_status`, `u`.`status`, `u`.`position`, `r`.`id` as `roleId`, `r`.`role_name`, `sm`.`facebook`, `sm`.`instagram`, `sm`.`twitter`, `sm`.`linkedin`
FROM `users` as `u`
JOIN `roles` as `r` ON `r`.`id` = `u`.`role`
JOIN `staff_media` as `sm` ON `u`.`id` = `sm`.`staff_id`
WHERE `u`.`role` != 1
GROUP BY `u`.`id`
ORDER BY `u`.`id` ASC')
 3 SYSTEMPATH\Database\BaseConnection.php(607): CodeIgniter\Database\BaseConnection->simpleQuery('SELECT `u`.`id`, `u`.`name`, `u`.`email`, `u`.`phone`, `u`.`hire_date`, `u`.`profileimg`, `u`.`booking_status`, `u`.`status`, `u`.`position`, `r`.`id` as `roleId`, `r`.`role_name`, `sm`.`facebook`, `sm`.`instagram`, `sm`.`twitter`, `sm`.`linkedin`
FROM `users` as `u`
JOIN `roles` as `r` ON `r`.`id` = `u`.`role`
JOIN `staff_media` as `sm` ON `u`.`id` = `sm`.`staff_id`
WHERE `u`.`role` != 1
GROUP BY `u`.`id`
ORDER BY `u`.`id` ASC')
 4 SYSTEMPATH\Database\BaseBuilder.php(1616): CodeIgniter\Database\BaseConnection->query('SELECT `u`.`id`, `u`.`name`, `u`.`email`, `u`.`phone`, `u`.`hire_date`, `u`.`profileimg`, `u`.`booking_status`, `u`.`status`, `u`.`position`, `r`.`id` as `roleId`, `r`.`role_name`, `sm`.`facebook`, `sm`.`instagram`, `sm`.`twitter`, `sm`.`linkedin`
FROM `users` as `u`
JOIN `roles` as `r` ON `r`.`id` = `u`.`role`
JOIN `staff_media` as `sm` ON `u`.`id` = `sm`.`staff_id`
WHERE `u`.`role` != :u.role:
GROUP BY `u`.`id`
ORDER BY `u`.`id` ASC', [...], false)
 5 APPPATH\Models\UserModel.php(45): CodeIgniter\Database\BaseBuilder->get()
 6 APPPATH\Controllers\AboutController.php(23): App\Models\UserModel->getUsers('', '', '', '', 'u.id ASC')
 7 SYSTEMPATH\CodeIgniter.php(943): App\Controllers\AboutController->index()
 8 SYSTEMPATH\CodeIgniter.php(503): CodeIgniter\CodeIgniter->runController(Object(App\Controllers\AboutController))
 9 SYSTEMPATH\CodeIgniter.php(361): CodeIgniter\CodeIgniter->handleRequest(null, Object(Config\Cache), false)
10 FCPATH\index.php(79): CodeIgniter\CodeIgniter->run()
INFO - 2026-07-23 10:48:27 --> Session: Class initialized using 'CodeIgniter\Session\Handlers\FileHandler' driver.
ERROR - 2026-07-23 10:48:27 --> mysqli_sql_exception: Table 'robinfood.roles' doesn't exist in engine in D:\xamp\htdocs\robinfood\vendor\codeigniter4\framework\system\Database\MySQLi\Connection.php:306
Stack trace:
#0 D:\xamp\htdocs\robinfood\vendor\codeigniter4\framework\system\Database\MySQLi\Connection.php(306): mysqli->query('SELECT `u`.`id`...', 0)
#1 D:\xamp\htdocs\robinfood\vendor\codeigniter4\framework\system\Database\BaseConnection.php(693): CodeIgniter\Database\MySQLi\Connection->execute('SELECT `u`.`id`...')
#2 D:\xamp\htdocs\robinfood\vendor\codeigniter4\framework\system\Database\BaseConnection.php(607): CodeIgniter\Database\BaseConnection->simpleQuery('SELECT `u`.`id`...')
#3 D:\xamp\htdocs\robinfood\vendor\codeigniter4\framework\system\Database\BaseBuilder.php(1616): CodeIgniter\Database\BaseConnection->query('SELECT `u`.`id`...', Array, false)
#4 D:\xamp\htdocs\robinfood\app\Models\UserModel.php(45): CodeIgniter\Database\BaseBuilder->get()
#5 D:\xamp\htdocs\robinfood\app\Controllers\AboutController.php(23): App\Models\UserModel->getUsers('', '', '', '', 'u.id ASC')
#6 D:\xamp\htdocs\robinfood\vendor\codeigniter4\framework\system\CodeIgniter.php(943): App\Controllers\AboutController->index()
#7 D:\xamp\htdocs\robinfood\vendor\codeigniter4\framework\system\CodeIgniter.php(503): CodeIgniter\CodeIgniter->runController(Object(App\Controllers\AboutController))
#8 D:\xamp\htdocs\robinfood\vendor\codeigniter4\framework\system\CodeIgniter.php(361): CodeIgniter\CodeIgniter->handleRequest(NULL, Object(Config\Cache), false)
#9 D:\xamp\htdocs\robinfood\index.php(79): CodeIgniter\CodeIgniter->run()
#10 {main}
CRITICAL - 2026-07-23 10:48:27 --> CodeIgniter\Database\Exceptions\DatabaseException: Table 'robinfood.roles' doesn't exist in engine
in SYSTEMPATH\Database\BaseConnection.php on line 647.
 1 SYSTEMPATH\Database\BaseBuilder.php(1616): CodeIgniter\Database\BaseConnection->query('SELECT `u`.`id`, `u`.`name`, `u`.`email`, `u`.`phone`, `u`.`hire_date`, `u`.`profileimg`, `u`.`booking_status`, `u`.`status`, `u`.`position`, `r`.`id` as `roleId`, `r`.`role_name`, `sm`.`facebook`, `sm`.`instagram`, `sm`.`twitter`, `sm`.`linkedin`
FROM `users` as `u`
JOIN `roles` as `r` ON `r`.`id` = `u`.`role`
JOIN `staff_media` as `sm` ON `u`.`id` = `sm`.`staff_id`
WHERE `u`.`role` != :u.role:
GROUP BY `u`.`id`
ORDER BY `u`.`id` ASC', [...], false)
 2 APPPATH\Models\UserModel.php(45): CodeIgniter\Database\BaseBuilder->get()
 3 APPPATH\Controllers\AboutController.php(23): App\Models\UserModel->getUsers('', '', '', '', 'u.id ASC')
 4 SYSTEMPATH\CodeIgniter.php(943): App\Controllers\AboutController->index()
 5 SYSTEMPATH\CodeIgniter.php(503): CodeIgniter\CodeIgniter->runController(Object(App\Controllers\AboutController))
 6 SYSTEMPATH\CodeIgniter.php(361): CodeIgniter\CodeIgniter->handleRequest(null, Object(Config\Cache), false)
 7 FCPATH\index.php(79): CodeIgniter\CodeIgniter->run()
CRITICAL - 2026-07-23 10:48:27 --> [Caused by] CodeIgniter\Database\Exceptions\DatabaseException: Table 'robinfood.roles' doesn't exist in engine
in SYSTEMPATH\Database\MySQLi\Connection.php on line 311.
 1 SYSTEMPATH\Database\BaseConnection.php(693): CodeIgniter\Database\MySQLi\Connection->execute('SELECT `u`.`id`, `u`.`name`, `u`.`email`, `u`.`phone`, `u`.`hire_date`, `u`.`profileimg`, `u`.`booking_status`, `u`.`status`, `u`.`position`, `r`.`id` as `roleId`, `r`.`role_name`, `sm`.`facebook`, `sm`.`instagram`, `sm`.`twitter`, `sm`.`linkedin`
FROM `users` as `u`
JOIN `roles` as `r` ON `r`.`id` = `u`.`role`
JOIN `staff_media` as `sm` ON `u`.`id` = `sm`.`staff_id`
WHERE `u`.`role` != 1
GROUP BY `u`.`id`
ORDER BY `u`.`id` ASC')
 2 SYSTEMPATH\Database\BaseConnection.php(607): CodeIgniter\Database\BaseConnection->simpleQuery('SELECT `u`.`id`, `u`.`name`, `u`.`email`, `u`.`phone`, `u`.`hire_date`, `u`.`profileimg`, `u`.`booking_status`, `u`.`status`, `u`.`position`, `r`.`id` as `roleId`, `r`.`role_name`, `sm`.`facebook`, `sm`.`instagram`, `sm`.`twitter`, `sm`.`linkedin`
FROM `users` as `u`
JOIN `roles` as `r` ON `r`.`id` = `u`.`role`
JOIN `staff_media` as `sm` ON `u`.`id` = `sm`.`staff_id`
WHERE `u`.`role` != 1
GROUP BY `u`.`id`
ORDER BY `u`.`id` ASC')
 3 SYSTEMPATH\Database\BaseBuilder.php(1616): CodeIgniter\Database\BaseConnection->query('SELECT `u`.`id`, `u`.`name`, `u`.`email`, `u`.`phone`, `u`.`hire_date`, `u`.`profileimg`, `u`.`booking_status`, `u`.`status`, `u`.`position`, `r`.`id` as `roleId`, `r`.`role_name`, `sm`.`facebook`, `sm`.`instagram`, `sm`.`twitter`, `sm`.`linkedin`
FROM `users` as `u`
JOIN `roles` as `r` ON `r`.`id` = `u`.`role`
JOIN `staff_media` as `sm` ON `u`.`id` = `sm`.`staff_id`
WHERE `u`.`role` != :u.role:
GROUP BY `u`.`id`
ORDER BY `u`.`id` ASC', [...], false)
 4 APPPATH\Models\UserModel.php(45): CodeIgniter\Database\BaseBuilder->get()
 5 APPPATH\Controllers\AboutController.php(23): App\Models\UserModel->getUsers('', '', '', '', 'u.id ASC')
 6 SYSTEMPATH\CodeIgniter.php(943): App\Controllers\AboutController->index()
 7 SYSTEMPATH\CodeIgniter.php(503): CodeIgniter\CodeIgniter->runController(Object(App\Controllers\AboutController))
 8 SYSTEMPATH\CodeIgniter.php(361): CodeIgniter\CodeIgniter->handleRequest(null, Object(Config\Cache), false)
 9 FCPATH\index.php(79): CodeIgniter\CodeIgniter->run()
CRITICAL - 2026-07-23 10:48:27 --> [Caused by] mysqli_sql_exception: Table 'robinfood.roles' doesn't exist in engine
in SYSTEMPATH\Database\MySQLi\Connection.php on line 306.
 1 SYSTEMPATH\Database\MySQLi\Connection.php(306): mysqli->query('SELECT `u`.`id`, `u`.`name`, `u`.`email`, `u`.`phone`, `u`.`hire_date`, `u`.`profileimg`, `u`.`booking_status`, `u`.`status`, `u`.`position`, `r`.`id` as `roleId`, `r`.`role_name`, `sm`.`facebook`, `sm`.`instagram`, `sm`.`twitter`, `sm`.`linkedin`
FROM `users` as `u`
JOIN `roles` as `r` ON `r`.`id` = `u`.`role`
JOIN `staff_media` as `sm` ON `u`.`id` = `sm`.`staff_id`
WHERE `u`.`role` != 1
GROUP BY `u`.`id`
ORDER BY `u`.`id` ASC', 0)
 2 SYSTEMPATH\Database\BaseConnection.php(693): CodeIgniter\Database\MySQLi\Connection->execute('SELECT `u`.`id`, `u`.`name`, `u`.`email`, `u`.`phone`, `u`.`hire_date`, `u`.`profileimg`, `u`.`booking_status`, `u`.`status`, `u`.`position`, `r`.`id` as `roleId`, `r`.`role_name`, `sm`.`facebook`, `sm`.`instagram`, `sm`.`twitter`, `sm`.`linkedin`
FROM `users` as `u`
JOIN `roles` as `r` ON `r`.`id` = `u`.`role`
JOIN `staff_media` as `sm` ON `u`.`id` = `sm`.`staff_id`
WHERE `u`.`role` != 1
GROUP BY `u`.`id`
ORDER BY `u`.`id` ASC')
 3 SYSTEMPATH\Database\BaseConnection.php(607): CodeIgniter\Database\BaseConnection->simpleQuery('SELECT `u`.`id`, `u`.`name`, `u`.`email`, `u`.`phone`, `u`.`hire_date`, `u`.`profileimg`, `u`.`booking_status`, `u`.`status`, `u`.`position`, `r`.`id` as `roleId`, `r`.`role_name`, `sm`.`facebook`, `sm`.`instagram`, `sm`.`twitter`, `sm`.`linkedin`
FROM `users` as `u`
JOIN `roles` as `r` ON `r`.`id` = `u`.`role`
JOIN `staff_media` as `sm` ON `u`.`id` = `sm`.`staff_id`
WHERE `u`.`role` != 1
GROUP BY `u`.`id`
ORDER BY `u`.`id` ASC')
 4 SYSTEMPATH\Database\BaseBuilder.php(1616): CodeIgniter\Database\BaseConnection->query('SELECT `u`.`id`, `u`.`name`, `u`.`email`, `u`.`phone`, `u`.`hire_date`, `u`.`profileimg`, `u`.`booking_status`, `u`.`status`, `u`.`position`, `r`.`id` as `roleId`, `r`.`role_name`, `sm`.`facebook`, `sm`.`instagram`, `sm`.`twitter`, `sm`.`linkedin`
FROM `users` as `u`
JOIN `roles` as `r` ON `r`.`id` = `u`.`role`
JOIN `staff_media` as `sm` ON `u`.`id` = `sm`.`staff_id`
WHERE `u`.`role` != :u.role:
GROUP BY `u`.`id`
ORDER BY `u`.`id` ASC', [...], false)
 5 APPPATH\Models\UserModel.php(45): CodeIgniter\Database\BaseBuilder->get()
 6 APPPATH\Controllers\AboutController.php(23): App\Models\UserModel->getUsers('', '', '', '', 'u.id ASC')
 7 SYSTEMPATH\CodeIgniter.php(943): App\Controllers\AboutController->index()
 8 SYSTEMPATH\CodeIgniter.php(503): CodeIgniter\CodeIgniter->runController(Object(App\Controllers\AboutController))
 9 SYSTEMPATH\CodeIgniter.php(361): CodeIgniter\CodeIgniter->handleRequest(null, Object(Config\Cache), false)
10 FCPATH\index.php(79): CodeIgniter\CodeIgniter->run()
INFO - 2026-07-23 10:49:27 --> Session: Class initialized using 'CodeIgniter\Session\Handlers\FileHandler' driver.
ERROR - 2026-07-23 10:49:27 --> mysqli_sql_exception: Table 'robinfood.roles' doesn't exist in engine in D:\xamp\htdocs\robinfood\vendor\codeigniter4\framework\system\Database\MySQLi\Connection.php:306
Stack trace:
#0 D:\xamp\htdocs\robinfood\vendor\codeigniter4\framework\system\Database\MySQLi\Connection.php(306): mysqli->query('SELECT `u`.`id`...', 0)
#1 D:\xamp\htdocs\robinfood\vendor\codeigniter4\framework\system\Database\BaseConnection.php(693): CodeIgniter\Database\MySQLi\Connection->execute('SELECT `u`.`id`...')
#2 D:\xamp\htdocs\robinfood\vendor\codeigniter4\framework\system\Database\BaseConnection.php(607): CodeIgniter\Database\BaseConnection->simpleQuery('SELECT `u`.`id`...')
#3 D:\xamp\htdocs\robinfood\vendor\codeigniter4\framework\system\Database\BaseBuilder.php(1616): CodeIgniter\Database\BaseConnection->query('SELECT `u`.`id`...', Array, false)
#4 D:\xamp\htdocs\robinfood\app\Models\UserModel.php(45): CodeIgniter\Database\BaseBuilder->get()
#5 D:\xamp\htdocs\robinfood\app\Controllers\AboutController.php(23): App\Models\UserModel->getUsers('', '', '', '', 'u.id ASC')
#6 D:\xamp\htdocs\robinfood\vendor\codeigniter4\framework\system\CodeIgniter.php(943): App\Controllers\AboutController->index()
#7 D:\xamp\htdocs\robinfood\vendor\codeigniter4\framework\system\CodeIgniter.php(503): CodeIgniter\CodeIgniter->runController(Object(App\Controllers\AboutController))
#8 D:\xamp\htdocs\robinfood\vendor\codeigniter4\framework\system\CodeIgniter.php(361): CodeIgniter\CodeIgniter->handleRequest(NULL, Object(Config\Cache), false)
#9 D:\xamp\htdocs\robinfood\index.php(79): CodeIgniter\CodeIgniter->run()
#10 {main}
CRITICAL - 2026-07-23 10:49:27 --> CodeIgniter\Database\Exceptions\DatabaseException: Table 'robinfood.roles' doesn't exist in engine
in SYSTEMPATH\Database\BaseConnection.php on line 647.
 1 SYSTEMPATH\Database\BaseBuilder.php(1616): CodeIgniter\Database\BaseConnection->query('SELECT `u`.`id`, `u`.`name`, `u`.`email`, `u`.`phone`, `u`.`hire_date`, `u`.`profileimg`, `u`.`booking_status`, `u`.`status`, `u`.`position`, `r`.`id` as `roleId`, `r`.`role_name`, `sm`.`facebook`, `sm`.`instagram`, `sm`.`twitter`, `sm`.`linkedin`
FROM `users` as `u`
JOIN `roles` as `r` ON `r`.`id` = `u`.`role`
JOIN `staff_media` as `sm` ON `u`.`id` = `sm`.`staff_id`
WHERE `u`.`role` != :u.role:
GROUP BY `u`.`id`
ORDER BY `u`.`id` ASC', [...], false)
 2 APPPATH\Models\UserModel.php(45): CodeIgniter\Database\BaseBuilder->get()
 3 APPPATH\Controllers\AboutController.php(23): App\Models\UserModel->getUsers('', '', '', '', 'u.id ASC')
 4 SYSTEMPATH\CodeIgniter.php(943): App\Controllers\AboutController->index()
 5 SYSTEMPATH\CodeIgniter.php(503): CodeIgniter\CodeIgniter->runController(Object(App\Controllers\AboutController))
 6 SYSTEMPATH\CodeIgniter.php(361): CodeIgniter\CodeIgniter->handleRequest(null, Object(Config\Cache), false)
 7 FCPATH\index.php(79): CodeIgniter\CodeIgniter->run()
CRITICAL - 2026-07-23 10:49:27 --> [Caused by] CodeIgniter\Database\Exceptions\DatabaseException: Table 'robinfood.roles' doesn't exist in engine
in SYSTEMPATH\Database\MySQLi\Connection.php on line 311.
 1 SYSTEMPATH\Database\BaseConnection.php(693): CodeIgniter\Database\MySQLi\Connection->execute('SELECT `u`.`id`, `u`.`name`, `u`.`email`, `u`.`phone`, `u`.`hire_date`, `u`.`profileimg`, `u`.`booking_status`, `u`.`status`, `u`.`position`, `r`.`id` as `roleId`, `r`.`role_name`, `sm`.`facebook`, `sm`.`instagram`, `sm`.`twitter`, `sm`.`linkedin`
FROM `users` as `u`
JOIN `roles` as `r` ON `r`.`id` = `u`.`role`
JOIN `staff_media` as `sm` ON `u`.`id` = `sm`.`staff_id`
WHERE `u`.`role` != 1
GROUP BY `u`.`id`
ORDER BY `u`.`id` ASC')
 2 SYSTEMPATH\Database\BaseConnection.php(607): CodeIgniter\Database\BaseConnection->simpleQuery('SELECT `u`.`id`, `u`.`name`, `u`.`email`, `u`.`phone`, `u`.`hire_date`, `u`.`profileimg`, `u`.`booking_status`, `u`.`status`, `u`.`position`, `r`.`id` as `roleId`, `r`.`role_name`, `sm`.`facebook`, `sm`.`instagram`, `sm`.`twitter`, `sm`.`linkedin`
FROM `users` as `u`
JOIN `roles` as `r` ON `r`.`id` = `u`.`role`
JOIN `staff_media` as `sm` ON `u`.`id` = `sm`.`staff_id`
WHERE `u`.`role` != 1
GROUP BY `u`.`id`
ORDER BY `u`.`id` ASC')
 3 SYSTEMPATH\Database\BaseBuilder.php(1616): CodeIgniter\Database\BaseConnection->query('SELECT `u`.`id`, `u`.`name`, `u`.`email`, `u`.`phone`, `u`.`hire_date`, `u`.`profileimg`, `u`.`booking_status`, `u`.`status`, `u`.`position`, `r`.`id` as `roleId`, `r`.`role_name`, `sm`.`facebook`, `sm`.`instagram`, `sm`.`twitter`, `sm`.`linkedin`
FROM `users` as `u`
JOIN `roles` as `r` ON `r`.`id` = `u`.`role`
JOIN `staff_media` as `sm` ON `u`.`id` = `sm`.`staff_id`
WHERE `u`.`role` != :u.role:
GROUP BY `u`.`id`
ORDER BY `u`.`id` ASC', [...], false)
 4 APPPATH\Models\UserModel.php(45): CodeIgniter\Database\BaseBuilder->get()
 5 APPPATH\Controllers\AboutController.php(23): App\Models\UserModel->getUsers('', '', '', '', 'u.id ASC')
 6 SYSTEMPATH\CodeIgniter.php(943): App\Controllers\AboutController->index()
 7 SYSTEMPATH\CodeIgniter.php(503): CodeIgniter\CodeIgniter->runController(Object(App\Controllers\AboutController))
 8 SYSTEMPATH\CodeIgniter.php(361): CodeIgniter\CodeIgniter->handleRequest(null, Object(Config\Cache), false)
 9 FCPATH\index.php(79): CodeIgniter\CodeIgniter->run()
CRITICAL - 2026-07-23 10:49:27 --> [Caused by] mysqli_sql_exception: Table 'robinfood.roles' doesn't exist in engine
in SYSTEMPATH\Database\MySQLi\Connection.php on line 306.
 1 SYSTEMPATH\Database\MySQLi\Connection.php(306): mysqli->query('SELECT `u`.`id`, `u`.`name`, `u`.`email`, `u`.`phone`, `u`.`hire_date`, `u`.`profileimg`, `u`.`booking_status`, `u`.`status`, `u`.`position`, `r`.`id` as `roleId`, `r`.`role_name`, `sm`.`facebook`, `sm`.`instagram`, `sm`.`twitter`, `sm`.`linkedin`
FROM `users` as `u`
JOIN `roles` as `r` ON `r`.`id` = `u`.`role`
JOIN `staff_media` as `sm` ON `u`.`id` = `sm`.`staff_id`
WHERE `u`.`role` != 1
GROUP BY `u`.`id`
ORDER BY `u`.`id` ASC', 0)
 2 SYSTEMPATH\Database\BaseConnection.php(693): CodeIgniter\Database\MySQLi\Connection->execute('SELECT `u`.`id`, `u`.`name`, `u`.`email`, `u`.`phone`, `u`.`hire_date`, `u`.`profileimg`, `u`.`booking_status`, `u`.`status`, `u`.`position`, `r`.`id` as `roleId`, `r`.`role_name`, `sm`.`facebook`, `sm`.`instagram`, `sm`.`twitter`, `sm`.`linkedin`
FROM `users` as `u`
JOIN `roles` as `r` ON `r`.`id` = `u`.`role`
JOIN `staff_media` as `sm` ON `u`.`id` = `sm`.`staff_id`
WHERE `u`.`role` != 1
GROUP BY `u`.`id`
ORDER BY `u`.`id` ASC')
 3 SYSTEMPATH\Database\BaseConnection.php(607): CodeIgniter\Database\BaseConnection->simpleQuery('SELECT `u`.`id`, `u`.`name`, `u`.`email`, `u`.`phone`, `u`.`hire_date`, `u`.`profileimg`, `u`.`booking_status`, `u`.`status`, `u`.`position`, `r`.`id` as `roleId`, `r`.`role_name`, `sm`.`facebook`, `sm`.`instagram`, `sm`.`twitter`, `sm`.`linkedin`
FROM `users` as `u`
JOIN `roles` as `r` ON `r`.`id` = `u`.`role`
JOIN `staff_media` as `sm` ON `u`.`id` = `sm`.`staff_id`
WHERE `u`.`role` != 1
GROUP BY `u`.`id`
ORDER BY `u`.`id` ASC')
 4 SYSTEMPATH\Database\BaseBuilder.php(1616): CodeIgniter\Database\BaseConnection->query('SELECT `u`.`id`, `u`.`name`, `u`.`email`, `u`.`phone`, `u`.`hire_date`, `u`.`profileimg`, `u`.`booking_status`, `u`.`status`, `u`.`position`, `r`.`id` as `roleId`, `r`.`role_name`, `sm`.`facebook`, `sm`.`instagram`, `sm`.`twitter`, `sm`.`linkedin`
FROM `users` as `u`
JOIN `roles` as `r` ON `r`.`id` = `u`.`role`
JOIN `staff_media` as `sm` ON `u`.`id` = `sm`.`staff_id`
WHERE `u`.`role` != :u.role:
GROUP BY `u`.`id`
ORDER BY `u`.`id` ASC', [...], false)
 5 APPPATH\Models\UserModel.php(45): CodeIgniter\Database\BaseBuilder->get()
 6 APPPATH\Controllers\AboutController.php(23): App\Models\UserModel->getUsers('', '', '', '', 'u.id ASC')
 7 SYSTEMPATH\CodeIgniter.php(943): App\Controllers\AboutController->index()
 8 SYSTEMPATH\CodeIgniter.php(503): CodeIgniter\CodeIgniter->runController(Object(App\Controllers\AboutController))
 9 SYSTEMPATH\CodeIgniter.php(361): CodeIgniter\CodeIgniter->handleRequest(null, Object(Config\Cache), false)
10 FCPATH\index.php(79): CodeIgniter\CodeIgniter->run()
INFO - 2026-07-23 10:50:09 --> Session: Class initialized using 'CodeIgniter\Session\Handlers\FileHandler' driver.
INFO - 2026-07-23 10:50:26 --> Session: Class initialized using 'CodeIgniter\Session\Handlers\FileHandler' driver.
ERROR - 2026-07-23 10:50:26 --> mysqli_sql_exception: Table 'robinfood.roles' doesn't exist in engine in D:\xamp\htdocs\robinfood\vendor\codeigniter4\framework\system\Database\MySQLi\Connection.php:306
Stack trace:
#0 D:\xamp\htdocs\robinfood\vendor\codeigniter4\framework\system\Database\MySQLi\Connection.php(306): mysqli->query('SELECT `u`.`id`...', 0)
#1 D:\xamp\htdocs\robinfood\vendor\codeigniter4\framework\system\Database\BaseConnection.php(693): CodeIgniter\Database\MySQLi\Connection->execute('SELECT `u`.`id`...')
#2 D:\xamp\htdocs\robinfood\vendor\codeigniter4\framework\system\Database\BaseConnection.php(607): CodeIgniter\Database\BaseConnection->simpleQuery('SELECT `u`.`id`...')
#3 D:\xamp\htdocs\robinfood\vendor\codeigniter4\framework\system\Database\BaseBuilder.php(1616): CodeIgniter\Database\BaseConnection->query('SELECT `u`.`id`...', Array, false)
#4 D:\xamp\htdocs\robinfood\app\Models\UserModel.php(45): CodeIgniter\Database\BaseBuilder->get()
#5 D:\xamp\htdocs\robinfood\app\Controllers\AboutController.php(23): App\Models\UserModel->getUsers('', '', '', '', 'u.id ASC')
#6 D:\xamp\htdocs\robinfood\vendor\codeigniter4\framework\system\CodeIgniter.php(943): App\Controllers\AboutController->index()
#7 D:\xamp\htdocs\robinfood\vendor\codeigniter4\framework\system\CodeIgniter.php(503): CodeIgniter\CodeIgniter->runController(Object(App\Controllers\AboutController))
#8 D:\xamp\htdocs\robinfood\vendor\codeigniter4\framework\system\CodeIgniter.php(361): CodeIgniter\CodeIgniter->handleRequest(NULL, Object(Config\Cache), false)
#9 D:\xamp\htdocs\robinfood\index.php(79): CodeIgniter\CodeIgniter->run()
#10 {main}
CRITICAL - 2026-07-23 10:50:26 --> CodeIgniter\Database\Exceptions\DatabaseException: Table 'robinfood.roles' doesn't exist in engine
in SYSTEMPATH\Database\BaseConnection.php on line 647.
 1 SYSTEMPATH\Database\BaseBuilder.php(1616): CodeIgniter\Database\BaseConnection->query('SELECT `u`.`id`, `u`.`name`, `u`.`email`, `u`.`phone`, `u`.`hire_date`, `u`.`profileimg`, `u`.`booking_status`, `u`.`status`, `u`.`position`, `r`.`id` as `roleId`, `r`.`role_name`, `sm`.`facebook`, `sm`.`instagram`, `sm`.`twitter`, `sm`.`linkedin`
FROM `users` as `u`
JOIN `roles` as `r` ON `r`.`id` = `u`.`role`
JOIN `staff_media` as `sm` ON `u`.`id` = `sm`.`staff_id`
WHERE `u`.`role` != :u.role:
GROUP BY `u`.`id`
ORDER BY `u`.`id` ASC', [...], false)
 2 APPPATH\Models\UserModel.php(45): CodeIgniter\Database\BaseBuilder->get()
 3 APPPATH\Controllers\AboutController.php(23): App\Models\UserModel->getUsers('', '', '', '', 'u.id ASC')
 4 SYSTEMPATH\CodeIgniter.php(943): App\Controllers\AboutController->index()
 5 SYSTEMPATH\CodeIgniter.php(503): CodeIgniter\CodeIgniter->runController(Object(App\Controllers\AboutController))
 6 SYSTEMPATH\CodeIgniter.php(361): CodeIgniter\CodeIgniter->handleRequest(null, Object(Config\Cache), false)
 7 FCPATH\index.php(79): CodeIgniter\CodeIgniter->run()
CRITICAL - 2026-07-23 10:50:26 --> [Caused by] CodeIgniter\Database\Exceptions\DatabaseException: Table 'robinfood.roles' doesn't exist in engine
in SYSTEMPATH\Database\MySQLi\Connection.php on line 311.
 1 SYSTEMPATH\Database\BaseConnection.php(693): CodeIgniter\Database\MySQLi\Connection->execute('SELECT `u`.`id`, `u`.`name`, `u`.`email`, `u`.`phone`, `u`.`hire_date`, `u`.`profileimg`, `u`.`booking_status`, `u`.`status`, `u`.`position`, `r`.`id` as `roleId`, `r`.`role_name`, `sm`.`facebook`, `sm`.`instagram`, `sm`.`twitter`, `sm`.`linkedin`
FROM `users` as `u`
JOIN `roles` as `r` ON `r`.`id` = `u`.`role`
JOIN `staff_media` as `sm` ON `u`.`id` = `sm`.`staff_id`
WHERE `u`.`role` != 1
GROUP BY `u`.`id`
ORDER BY `u`.`id` ASC')
 2 SYSTEMPATH\Database\BaseConnection.php(607): CodeIgniter\Database\BaseConnection->simpleQuery('SELECT `u`.`id`, `u`.`name`, `u`.`email`, `u`.`phone`, `u`.`hire_date`, `u`.`profileimg`, `u`.`booking_status`, `u`.`status`, `u`.`position`, `r`.`id` as `roleId`, `r`.`role_name`, `sm`.`facebook`, `sm`.`instagram`, `sm`.`twitter`, `sm`.`linkedin`
FROM `users` as `u`
JOIN `roles` as `r` ON `r`.`id` = `u`.`role`
JOIN `staff_media` as `sm` ON `u`.`id` = `sm`.`staff_id`
WHERE `u`.`role` != 1
GROUP BY `u`.`id`
ORDER BY `u`.`id` ASC')
 3 SYSTEMPATH\Database\BaseBuilder.php(1616): CodeIgniter\Database\BaseConnection->query('SELECT `u`.`id`, `u`.`name`, `u`.`email`, `u`.`phone`, `u`.`hire_date`, `u`.`profileimg`, `u`.`booking_status`, `u`.`status`, `u`.`position`, `r`.`id` as `roleId`, `r`.`role_name`, `sm`.`facebook`, `sm`.`instagram`, `sm`.`twitter`, `sm`.`linkedin`
FROM `users` as `u`
JOIN `roles` as `r` ON `r`.`id` = `u`.`role`
JOIN `staff_media` as `sm` ON `u`.`id` = `sm`.`staff_id`
WHERE `u`.`role` != :u.role:
GROUP BY `u`.`id`
ORDER BY `u`.`id` ASC', [...], false)
 4 APPPATH\Models\UserModel.php(45): CodeIgniter\Database\BaseBuilder->get()
 5 APPPATH\Controllers\AboutController.php(23): App\Models\UserModel->getUsers('', '', '', '', 'u.id ASC')
 6 SYSTEMPATH\CodeIgniter.php(943): App\Controllers\AboutController->index()
 7 SYSTEMPATH\CodeIgniter.php(503): CodeIgniter\CodeIgniter->runController(Object(App\Controllers\AboutController))
 8 SYSTEMPATH\CodeIgniter.php(361): CodeIgniter\CodeIgniter->handleRequest(null, Object(Config\Cache), false)
 9 FCPATH\index.php(79): CodeIgniter\CodeIgniter->run()
CRITICAL - 2026-07-23 10:50:26 --> [Caused by] mysqli_sql_exception: Table 'robinfood.roles' doesn't exist in engine
in SYSTEMPATH\Database\MySQLi\Connection.php on line 306.
 1 SYSTEMPATH\Database\MySQLi\Connection.php(306): mysqli->query('SELECT `u`.`id`, `u`.`name`, `u`.`email`, `u`.`phone`, `u`.`hire_date`, `u`.`profileimg`, `u`.`booking_status`, `u`.`status`, `u`.`position`, `r`.`id` as `roleId`, `r`.`role_name`, `sm`.`facebook`, `sm`.`instagram`, `sm`.`twitter`, `sm`.`linkedin`
FROM `users` as `u`
JOIN `roles` as `r` ON `r`.`id` = `u`.`role`
JOIN `staff_media` as `sm` ON `u`.`id` = `sm`.`staff_id`
WHERE `u`.`role` != 1
GROUP BY `u`.`id`
ORDER BY `u`.`id` ASC', 0)
 2 SYSTEMPATH\Database\BaseConnection.php(693): CodeIgniter\Database\MySQLi\Connection->execute('SELECT `u`.`id`, `u`.`name`, `u`.`email`, `u`.`phone`, `u`.`hire_date`, `u`.`profileimg`, `u`.`booking_status`, `u`.`status`, `u`.`position`, `r`.`id` as `roleId`, `r`.`role_name`, `sm`.`facebook`, `sm`.`instagram`, `sm`.`twitter`, `sm`.`linkedin`
FROM `users` as `u`
JOIN `roles` as `r` ON `r`.`id` = `u`.`role`
JOIN `staff_media` as `sm` ON `u`.`id` = `sm`.`staff_id`
WHERE `u`.`role` != 1
GROUP BY `u`.`id`
ORDER BY `u`.`id` ASC')
 3 SYSTEMPATH\Database\BaseConnection.php(607): CodeIgniter\Database\BaseConnection->simpleQuery('SELECT `u`.`id`, `u`.`name`, `u`.`email`, `u`.`phone`, `u`.`hire_date`, `u`.`profileimg`, `u`.`booking_status`, `u`.`status`, `u`.`position`, `r`.`id` as `roleId`, `r`.`role_name`, `sm`.`facebook`, `sm`.`instagram`, `sm`.`twitter`, `sm`.`linkedin`
FROM `users` as `u`
JOIN `roles` as `r` ON `r`.`id` = `u`.`role`
JOIN `staff_media` as `sm` ON `u`.`id` = `sm`.`staff_id`
WHERE `u`.`role` != 1
GROUP BY `u`.`id`
ORDER BY `u`.`id` ASC')
 4 SYSTEMPATH\Database\BaseBuilder.php(1616): CodeIgniter\Database\BaseConnection->query('SELECT `u`.`id`, `u`.`name`, `u`.`email`, `u`.`phone`, `u`.`hire_date`, `u`.`profileimg`, `u`.`booking_status`, `u`.`status`, `u`.`position`, `r`.`id` as `roleId`, `r`.`role_name`, `sm`.`facebook`, `sm`.`instagram`, `sm`.`twitter`, `sm`.`linkedin`
FROM `users` as `u`
JOIN `roles` as `r` ON `r`.`id` = `u`.`role`
JOIN `staff_media` as `sm` ON `u`.`id` = `sm`.`staff_id`
WHERE `u`.`role` != :u.role:
GROUP BY `u`.`id`
ORDER BY `u`.`id` ASC', [...], false)
 5 APPPATH\Models\UserModel.php(45): CodeIgniter\Database\BaseBuilder->get()
 6 APPPATH\Controllers\AboutController.php(23): App\Models\UserModel->getUsers('', '', '', '', 'u.id ASC')
 7 SYSTEMPATH\CodeIgniter.php(943): App\Controllers\AboutController->index()
 8 SYSTEMPATH\CodeIgniter.php(503): CodeIgniter\CodeIgniter->runController(Object(App\Controllers\AboutController))
 9 SYSTEMPATH\CodeIgniter.php(361): CodeIgniter\CodeIgniter->handleRequest(null, Object(Config\Cache), false)
10 FCPATH\index.php(79): CodeIgniter\CodeIgniter->run()
INFO - 2026-07-23 10:56:23 --> Session: Class initialized using 'CodeIgniter\Session\Handlers\FileHandler' driver.
INFO - 2026-07-23 10:56:32 --> Session: Class initialized using 'CodeIgniter\Session\Handlers\FileHandler' driver.
INFO - 2026-07-23 10:56:33 --> Session: Class initialized using 'CodeIgniter\Session\Handlers\FileHandler' driver.
INFO - 2026-07-23 10:57:10 --> Session: Class initialized using 'CodeIgniter\Session\Handlers\FileHandler' driver.
INFO - 2026-07-23 10:57:11 --> Session: Class initialized using 'CodeIgniter\Session\Handlers\FileHandler' driver.
INFO - 2026-07-23 11:00:31 --> Session: Class initialized using 'CodeIgniter\Session\Handlers\FileHandler' driver.
INFO - 2026-07-23 11:00:32 --> Session: Class initialized using 'CodeIgniter\Session\Handlers\FileHandler' driver.
INFO - 2026-07-23 11:00:33 --> Session: Class initialized using 'CodeIgniter\Session\Handlers\FileHandler' driver.
INFO - 2026-07-23 11:00:33 --> Session: Class initialized using 'CodeIgniter\Session\Handlers\FileHandler' driver.
INFO - 2026-07-23 11:00:34 --> Session: Class initialized using 'CodeIgniter\Session\Handlers\FileHandler' driver.
INFO - 2026-07-23 11:04:04 --> Session: Class initialized using 'CodeIgniter\Session\Handlers\FileHandler' driver.
INFO - 2026-07-23 11:04:05 --> Session: Class initialized using 'CodeIgniter\Session\Handlers\FileHandler' driver.
INFO - 2026-07-23 11:16:53 --> Session: Class initialized using 'CodeIgniter\Session\Handlers\FileHandler' driver.
