INFO - 2026-07-21 07:11:53 --> Session: Class initialized using 'CodeIgniter\Session\Handlers\FileHandler' driver.
INFO - 2026-07-21 07:11:56 --> Session: Class initialized using 'CodeIgniter\Session\Handlers\FileHandler' driver.
INFO - 2026-07-21 07:11:56 --> Session: Class initialized using 'CodeIgniter\Session\Handlers\FileHandler' driver.
INFO - 2026-07-21 07:11:57 --> Session: Class initialized using 'CodeIgniter\Session\Handlers\FileHandler' driver.
INFO - 2026-07-21 07:11:57 --> Session: Class initialized using 'CodeIgniter\Session\Handlers\FileHandler' driver.
INFO - 2026-07-21 07:12:36 --> Session: Class initialized using 'CodeIgniter\Session\Handlers\FileHandler' driver.
INFO - 2026-07-21 07:12:37 --> Session: Class initialized using 'CodeIgniter\Session\Handlers\FileHandler' driver.
INFO - 2026-07-21 07:12:38 --> Session: Class initialized using 'CodeIgniter\Session\Handlers\FileHandler' driver.
CRITICAL - 2026-07-21 07:12:38 --> ErrorException: Undefined array key 3
in APPPATH\Services\ShippingCharge.php on line 70.
 1 APPPATH\Services\ShippingCharge.php(70): CodeIgniter\Debug\Exceptions->errorHandler(2, 'Undefined array key 3', 'D:\\xamp\\htdocs\\robinfood\\app\\Services\\ShippingCharge.php', 70)
 2 APPPATH\Services\CartService.php(529): App\Services\ShippingCharge->calculate(180.0, 'Tamil Nadu')
 3 APPPATH\Controllers\CartController.php(30): App\Services\CartService->shippingCharge()
 4 APPPATH\Controllers\CartController.php(48): App\Controllers\CartController->checkoutItemsHtml()
 5 SYSTEMPATH\CodeIgniter.php(943): App\Controllers\CartController->getMyCheckoutItems()
 6 SYSTEMPATH\CodeIgniter.php(503): CodeIgniter\CodeIgniter->runController(Object(App\Controllers\CartController))
 7 SYSTEMPATH\CodeIgniter.php(361): CodeIgniter\CodeIgniter->handleRequest(null, Object(Config\Cache), false)
 8 FCPATH\index.php(79): CodeIgniter\CodeIgniter->run()
INFO - 2026-07-21 07:12:38 --> Session: Class initialized using 'CodeIgniter\Session\Handlers\FileHandler' driver.
INFO - 2026-07-21 07:12:38 --> Session: Class initialized using 'CodeIgniter\Session\Handlers\FileHandler' driver.
CRITICAL - 2026-07-21 07:12:38 --> ErrorException: Undefined array key 3
in APPPATH\Services\ShippingCharge.php on line 70.
 1 APPPATH\Services\ShippingCharge.php(70): CodeIgniter\Debug\Exceptions->errorHandler(2, 'Undefined array key 3', 'D:\\xamp\\htdocs\\robinfood\\app\\Services\\ShippingCharge.php', 70)
 2 APPPATH\Services\CartService.php(529): App\Services\ShippingCharge->calculate(180.0, 'Tamil Nadu')
 3 APPPATH\Controllers\CartController.php(30): App\Services\CartService->shippingCharge()
 4 APPPATH\Controllers\CartController.php(48): App\Controllers\CartController->checkoutItemsHtml()
 5 SYSTEMPATH\CodeIgniter.php(943): App\Controllers\CartController->getMyCheckoutItems()
 6 SYSTEMPATH\CodeIgniter.php(503): CodeIgniter\CodeIgniter->runController(Object(App\Controllers\CartController))
 7 SYSTEMPATH\CodeIgniter.php(361): CodeIgniter\CodeIgniter->handleRequest(null, Object(Config\Cache), false)
 8 FCPATH\index.php(79): CodeIgniter\CodeIgniter->run()
INFO - 2026-07-21 07:13:41 --> Session: Class initialized using 'CodeIgniter\Session\Handlers\FileHandler' driver.
INFO - 2026-07-21 07:13:42 --> Session: Class initialized using 'CodeIgniter\Session\Handlers\FileHandler' driver.
INFO - 2026-07-21 07:13:42 --> Session: Class initialized using 'CodeIgniter\Session\Handlers\FileHandler' driver.
CRITICAL - 2026-07-21 07:13:43 --> ErrorException: Trying to access array offset on value of type int
in APPPATH\Services\ShippingCharge.php on line 80.
 1 APPPATH\Services\ShippingCharge.php(80): CodeIgniter\Debug\Exceptions->errorHandler(2, 'Trying to access array offset on value of type int', 'D:\\xamp\\htdocs\\robinfood\\app\\Services\\ShippingCharge.php', 80)
 2 APPPATH\Services\CartService.php(529): App\Services\ShippingCharge->calculate(180.0, 'Tamil Nadu')
 3 APPPATH\Controllers\CartController.php(30): App\Services\CartService->shippingCharge()
 4 APPPATH\Controllers\CartController.php(48): App\Controllers\CartController->checkoutItemsHtml()
 5 SYSTEMPATH\CodeIgniter.php(943): App\Controllers\CartController->getMyCheckoutItems()
 6 SYSTEMPATH\CodeIgniter.php(503): CodeIgniter\CodeIgniter->runController(Object(App\Controllers\CartController))
 7 SYSTEMPATH\CodeIgniter.php(361): CodeIgniter\CodeIgniter->handleRequest(null, Object(Config\Cache), false)
 8 FCPATH\index.php(79): CodeIgniter\CodeIgniter->run()
INFO - 2026-07-21 07:13:43 --> Session: Class initialized using 'CodeIgniter\Session\Handlers\FileHandler' driver.
INFO - 2026-07-21 07:13:43 --> Session: Class initialized using 'CodeIgniter\Session\Handlers\FileHandler' driver.
CRITICAL - 2026-07-21 07:13:43 --> ErrorException: Trying to access array offset on value of type int
in APPPATH\Services\ShippingCharge.php on line 80.
 1 APPPATH\Services\ShippingCharge.php(80): CodeIgniter\Debug\Exceptions->errorHandler(2, 'Trying to access array offset on value of type int', 'D:\\xamp\\htdocs\\robinfood\\app\\Services\\ShippingCharge.php', 80)
 2 APPPATH\Services\CartService.php(529): App\Services\ShippingCharge->calculate(180.0, 'Tamil Nadu')
 3 APPPATH\Controllers\CartController.php(30): App\Services\CartService->shippingCharge()
 4 APPPATH\Controllers\CartController.php(48): App\Controllers\CartController->checkoutItemsHtml()
 5 SYSTEMPATH\CodeIgniter.php(943): App\Controllers\CartController->getMyCheckoutItems()
 6 SYSTEMPATH\CodeIgniter.php(503): CodeIgniter\CodeIgniter->runController(Object(App\Controllers\CartController))
 7 SYSTEMPATH\CodeIgniter.php(361): CodeIgniter\CodeIgniter->handleRequest(null, Object(Config\Cache), false)
 8 FCPATH\index.php(79): CodeIgniter\CodeIgniter->run()
INFO - 2026-07-21 07:14:05 --> Session: Class initialized using 'CodeIgniter\Session\Handlers\FileHandler' driver.
INFO - 2026-07-21 07:14:06 --> Session: Class initialized using 'CodeIgniter\Session\Handlers\FileHandler' driver.
INFO - 2026-07-21 07:14:06 --> Session: Class initialized using 'CodeIgniter\Session\Handlers\FileHandler' driver.
INFO - 2026-07-21 07:14:06 --> Session: Class initialized using 'CodeIgniter\Session\Handlers\FileHandler' driver.
INFO - 2026-07-21 07:14:07 --> Session: Class initialized using 'CodeIgniter\Session\Handlers\FileHandler' driver.
INFO - 2026-07-21 07:15:16 --> Session: Class initialized using 'CodeIgniter\Session\Handlers\FileHandler' driver.
INFO - 2026-07-21 07:15:17 --> Session: Class initialized using 'CodeIgniter\Session\Handlers\FileHandler' driver.
INFO - 2026-07-21 07:15:17 --> Session: Class initialized using 'CodeIgniter\Session\Handlers\FileHandler' driver.
INFO - 2026-07-21 07:15:18 --> Session: Class initialized using 'CodeIgniter\Session\Handlers\FileHandler' driver.
CRITICAL - 2026-07-21 07:15:18 --> ErrorException: Undefined array key 3
in APPPATH\Services\ShippingCharge.php on line 70.
 1 APPPATH\Services\ShippingCharge.php(70): CodeIgniter\Debug\Exceptions->errorHandler(2, 'Undefined array key 3', 'D:\\xamp\\htdocs\\robinfood\\app\\Services\\ShippingCharge.php', 70)
 2 APPPATH\Services\CartService.php(529): App\Services\ShippingCharge->calculate(180.0, 'Tamil Nadu')
 3 APPPATH\Controllers\CartController.php(30): App\Services\CartService->shippingCharge()
 4 APPPATH\Controllers\CartController.php(48): App\Controllers\CartController->checkoutItemsHtml()
 5 SYSTEMPATH\CodeIgniter.php(943): App\Controllers\CartController->getMyCheckoutItems()
 6 SYSTEMPATH\CodeIgniter.php(503): CodeIgniter\CodeIgniter->runController(Object(App\Controllers\CartController))
 7 SYSTEMPATH\CodeIgniter.php(361): CodeIgniter\CodeIgniter->handleRequest(null, Object(Config\Cache), false)
 8 FCPATH\index.php(79): CodeIgniter\CodeIgniter->run()
INFO - 2026-07-21 07:15:18 --> Session: Class initialized using 'CodeIgniter\Session\Handlers\FileHandler' driver.
CRITICAL - 2026-07-21 07:15:18 --> ErrorException: Undefined array key 3
in APPPATH\Services\ShippingCharge.php on line 70.
 1 APPPATH\Services\ShippingCharge.php(70): CodeIgniter\Debug\Exceptions->errorHandler(2, 'Undefined array key 3', 'D:\\xamp\\htdocs\\robinfood\\app\\Services\\ShippingCharge.php', 70)
 2 APPPATH\Services\CartService.php(529): App\Services\ShippingCharge->calculate(180.0, 'Tamil Nadu')
 3 APPPATH\Controllers\CartController.php(30): App\Services\CartService->shippingCharge()
 4 APPPATH\Controllers\CartController.php(48): App\Controllers\CartController->checkoutItemsHtml()
 5 SYSTEMPATH\CodeIgniter.php(943): App\Controllers\CartController->getMyCheckoutItems()
 6 SYSTEMPATH\CodeIgniter.php(503): CodeIgniter\CodeIgniter->runController(Object(App\Controllers\CartController))
 7 SYSTEMPATH\CodeIgniter.php(361): CodeIgniter\CodeIgniter->handleRequest(null, Object(Config\Cache), false)
 8 FCPATH\index.php(79): CodeIgniter\CodeIgniter->run()
INFO - 2026-07-21 07:18:26 --> Session: Class initialized using 'CodeIgniter\Session\Handlers\FileHandler' driver.
INFO - 2026-07-21 07:18:27 --> Session: Class initialized using 'CodeIgniter\Session\Handlers\FileHandler' driver.
INFO - 2026-07-21 07:18:27 --> Session: Class initialized using 'CodeIgniter\Session\Handlers\FileHandler' driver.
CRITICAL - 2026-07-21 07:18:27 --> ErrorException: Undefined array key 1
in APPPATH\Services\ShippingCharge.php on line 71.
 1 APPPATH\Services\ShippingCharge.php(71): CodeIgniter\Debug\Exceptions->errorHandler(2, 'Undefined array key 1', 'D:\\xamp\\htdocs\\robinfood\\app\\Services\\ShippingCharge.php', 71)
 2 APPPATH\Services\CartService.php(529): App\Services\ShippingCharge->calculate(180.0, 'Tamil Nadu')
 3 APPPATH\Controllers\CartController.php(30): App\Services\CartService->shippingCharge()
 4 APPPATH\Controllers\CartController.php(48): App\Controllers\CartController->checkoutItemsHtml()
 5 SYSTEMPATH\CodeIgniter.php(943): App\Controllers\CartController->getMyCheckoutItems()
 6 SYSTEMPATH\CodeIgniter.php(503): CodeIgniter\CodeIgniter->runController(Object(App\Controllers\CartController))
 7 SYSTEMPATH\CodeIgniter.php(361): CodeIgniter\CodeIgniter->handleRequest(null, Object(Config\Cache), false)
 8 FCPATH\index.php(79): CodeIgniter\CodeIgniter->run()
INFO - 2026-07-21 07:18:27 --> Session: Class initialized using 'CodeIgniter\Session\Handlers\FileHandler' driver.
INFO - 2026-07-21 07:18:28 --> Session: Class initialized using 'CodeIgniter\Session\Handlers\FileHandler' driver.
CRITICAL - 2026-07-21 07:18:28 --> ErrorException: Undefined array key 1
in APPPATH\Services\ShippingCharge.php on line 71.
 1 APPPATH\Services\ShippingCharge.php(71): CodeIgniter\Debug\Exceptions->errorHandler(2, 'Undefined array key 1', 'D:\\xamp\\htdocs\\robinfood\\app\\Services\\ShippingCharge.php', 71)
 2 APPPATH\Services\CartService.php(529): App\Services\ShippingCharge->calculate(180.0, 'Tamil Nadu')
 3 APPPATH\Controllers\CartController.php(30): App\Services\CartService->shippingCharge()
 4 APPPATH\Controllers\CartController.php(48): App\Controllers\CartController->checkoutItemsHtml()
 5 SYSTEMPATH\CodeIgniter.php(943): App\Controllers\CartController->getMyCheckoutItems()
 6 SYSTEMPATH\CodeIgniter.php(503): CodeIgniter\CodeIgniter->runController(Object(App\Controllers\CartController))
 7 SYSTEMPATH\CodeIgniter.php(361): CodeIgniter\CodeIgniter->handleRequest(null, Object(Config\Cache), false)
 8 FCPATH\index.php(79): CodeIgniter\CodeIgniter->run()
INFO - 2026-07-21 07:19:09 --> Session: Class initialized using 'CodeIgniter\Session\Handlers\FileHandler' driver.
INFO - 2026-07-21 07:19:10 --> Session: Class initialized using 'CodeIgniter\Session\Handlers\FileHandler' driver.
INFO - 2026-07-21 07:19:10 --> Session: Class initialized using 'CodeIgniter\Session\Handlers\FileHandler' driver.
INFO - 2026-07-21 07:19:10 --> Session: Class initialized using 'CodeIgniter\Session\Handlers\FileHandler' driver.
INFO - 2026-07-21 07:19:11 --> Session: Class initialized using 'CodeIgniter\Session\Handlers\FileHandler' driver.
INFO - 2026-07-21 07:25:13 --> Session: Class initialized using 'CodeIgniter\Session\Handlers\FileHandler' driver.
INFO - 2026-07-21 07:25:14 --> Session: Class initialized using 'CodeIgniter\Session\Handlers\FileHandler' driver.
INFO - 2026-07-21 07:25:14 --> Session: Class initialized using 'CodeIgniter\Session\Handlers\FileHandler' driver.
INFO - 2026-07-21 07:25:14 --> Session: Class initialized using 'CodeIgniter\Session\Handlers\FileHandler' driver.
INFO - 2026-07-21 07:25:15 --> Session: Class initialized using 'CodeIgniter\Session\Handlers\FileHandler' driver.
INFO - 2026-07-21 07:27:55 --> Session: Class initialized using 'CodeIgniter\Session\Handlers\FileHandler' driver.
INFO - 2026-07-21 07:27:56 --> Session: Class initialized using 'CodeIgniter\Session\Handlers\FileHandler' driver.
INFO - 2026-07-21 07:27:56 --> Session: Class initialized using 'CodeIgniter\Session\Handlers\FileHandler' driver.
INFO - 2026-07-21 07:27:56 --> Session: Class initialized using 'CodeIgniter\Session\Handlers\FileHandler' driver.
INFO - 2026-07-21 07:27:57 --> Session: Class initialized using 'CodeIgniter\Session\Handlers\FileHandler' driver.
INFO - 2026-07-21 07:29:11 --> Session: Class initialized using 'CodeIgniter\Session\Handlers\FileHandler' driver.
INFO - 2026-07-21 07:29:11 --> Session: Class initialized using 'CodeIgniter\Session\Handlers\FileHandler' driver.
INFO - 2026-07-21 07:29:11 --> Session: Class initialized using 'CodeIgniter\Session\Handlers\FileHandler' driver.
INFO - 2026-07-21 07:29:24 --> Session: Class initialized using 'CodeIgniter\Session\Handlers\FileHandler' driver.
INFO - 2026-07-21 07:29:25 --> Session: Class initialized using 'CodeIgniter\Session\Handlers\FileHandler' driver.
INFO - 2026-07-21 07:29:25 --> Session: Class initialized using 'CodeIgniter\Session\Handlers\FileHandler' driver.
INFO - 2026-07-21 07:29:30 --> Session: Class initialized using 'CodeIgniter\Session\Handlers\FileHandler' driver.
INFO - 2026-07-21 07:29:30 --> Session: Class initialized using 'CodeIgniter\Session\Handlers\FileHandler' driver.
INFO - 2026-07-21 07:29:30 --> Session: Class initialized using 'CodeIgniter\Session\Handlers\FileHandler' driver.
INFO - 2026-07-21 07:29:39 --> Session: Class initialized using 'CodeIgniter\Session\Handlers\FileHandler' driver.
INFO - 2026-07-21 07:29:40 --> Session: Class initialized using 'CodeIgniter\Session\Handlers\FileHandler' driver.
INFO - 2026-07-21 07:29:40 --> Session: Class initialized using 'CodeIgniter\Session\Handlers\FileHandler' driver.
INFO - 2026-07-21 07:29:43 --> Session: Class initialized using 'CodeIgniter\Session\Handlers\FileHandler' driver.
INFO - 2026-07-21 07:29:43 --> Session: Class initialized using 'CodeIgniter\Session\Handlers\FileHandler' driver.
INFO - 2026-07-21 07:29:43 --> Session: Class initialized using 'CodeIgniter\Session\Handlers\FileHandler' driver.
INFO - 2026-07-21 07:29:53 --> Session: Class initialized using 'CodeIgniter\Session\Handlers\FileHandler' driver.
INFO - 2026-07-21 07:29:53 --> Session: Class initialized using 'CodeIgniter\Session\Handlers\FileHandler' driver.
INFO - 2026-07-21 07:30:04 --> Session: Class initialized using 'CodeIgniter\Session\Handlers\FileHandler' driver.
INFO - 2026-07-21 07:30:04 --> Session: Class initialized using 'CodeIgniter\Session\Handlers\FileHandler' driver.
INFO - 2026-07-21 07:30:05 --> Session: Class initialized using 'CodeIgniter\Session\Handlers\FileHandler' driver.
